 Image certificate-login-spike-landing Building 
#1 [internal] load local bake definitions
#1 reading from stdin 662B done
#1 DONE 0.0s

#2 [internal] load build definition from Landing.Dockerfile
#2 transferring dockerfile: 826B done
#2 DONE 0.0s

#3 [internal] load metadata for docker.io/library/node:24.10.0-bookworm-slim@sha256:b8d2197aff9129d16c801a3e3e1b2a873c4946480f5a310f38056df2268c38d9
#3 DONE 0.0s

#4 [internal] load .dockerignore
#4 transferring context: 116B done
#4 DONE 0.0s

#5 [dependencies 1/7] FROM docker.io/library/node:24.10.0-bookworm-slim@sha256:b8d2197aff9129d16c801a3e3e1b2a873c4946480f5a310f38056df2268c38d9
#5 DONE 0.0s

#6 [internal] load build context
#6 transferring context: 162.99kB done
#6 DONE 0.0s

#7 [dependencies 2/7] WORKDIR /work
#7 CACHED

#8 [dependencies 3/7] COPY package.json package-lock.json ./
#8 DONE 0.0s

#9 [dependencies 4/7] COPY vendor/ vendor/
#9 DONE 0.0s

#10 [dependencies 5/7] RUN npm ci --ignore-scripts --fetch-timeout=30000 --fetch-retries=1
#10 1.055 npm warn deprecated reflect-metadata@0.2.1: This version has a critical bug in fallback handling. Please upgrade to reflect-metadata@0.2.2 or newer.
#10 1.747 npm warn deprecated uuid@9.0.1: uuid@10 and below is no longer supported.  For ESM codebases, update to uuid@latest.  For CommonJS codebases, use uuid@11 (but be aware this version will likely be deprecated in 2028).
#10 2.146 npm warn deprecated glob@10.5.0: Old versions of glob are not supported, and contain widely publicized security vulnerabilities, which have been fixed in the current version. Please update. Support for old versions may be purchased (at exorbitant rates) by contacting i@izs.me
#10 2.340 npm warn deprecated uuid@10.0.0: uuid@10 and below is no longer supported.  For ESM codebases, update to uuid@latest.  For CommonJS codebases, use uuid@11 (but be aware this version will likely be deprecated in 2028).
#10 2.973 
#10 2.973 added 342 packages, and audited 343 packages in 3s
#10 2.973 
#10 2.973 58 packages are looking for funding
#10 2.973   run `npm fund` for details
#10 2.980 
#10 2.980 10 vulnerabilities (1 low, 7 moderate, 2 critical)
#10 2.980 
#10 2.980 To address all issues (including breaking changes), run:
#10 2.980   npm audit fix --force
#10 2.980 
#10 2.980 Run `npm audit` for details.
#10 2.981 npm notice
#10 2.981 npm notice New minor version of npm available! 11.6.1 -> 11.21.0
#10 2.981 npm notice Changelog: https://github.com/npm/cli/releases/tag/v11.21.0
#10 2.981 npm notice To update run: npm install -g npm@11.21.0
#10 2.981 npm notice
#10 DONE 3.3s

#11 [dependencies 6/7] COPY src/ src/
#11 DONE 0.0s

#12 [dependencies 7/7] RUN ./node_modules/.bin/esbuild src/app.ts --bundle --platform=browser --format=esm --outfile=public/app.js
#12 0.091 
#12 0.091   public/app.js  52.8kb
#12 0.091 
#12 0.091 ⚡ Done in 3ms
#12 DONE 0.1s

#13 [stage-1 3/6] COPY --from=dependencies /work/node_modules /work/node_modules
#13 CACHED

#14 [stage-1 4/6] COPY --from=dependencies /work/public /work/public
#14 DONE 0.0s

#15 [stage-1 5/6] COPY package.json tsconfig.json ./
#15 DONE 0.0s

#16 [stage-1 6/6] COPY src/ src/
#16 DONE 0.0s

#17 exporting to image
#17 exporting layers 0.0s done
#17 writing image sha256:7ad99216ee04ea0b530322d093dc6cd128404cfa801f55982b20361aa4c61712 done
#17 naming to docker.io/library/certificate-login-spike-landing done
#17 DONE 0.0s

#18 resolving provenance for metadata file
#18 DONE 0.0s
 Image certificate-login-spike-landing Built 
