 Container certificate-login-spike-pki-run-539a91368930 Creating 
 Container certificate-login-spike-pki-run-539a91368930 Created 
 Container certificate-login-spike-gateway-1 Restarting 
 Container certificate-login-spike-keycloak-1 Restarting 
 Container certificate-login-spike-gateway-1 Started 
 Container certificate-login-spike-keycloak-1 Started 
 Container certificate-login-spike-gateway-1 Running 
 Container certificate-login-spike-keycloak-1 Running 
 Container certificate-login-spike-landing-1 Running 
 Container certificate-login-spike-keycloak-1 Waiting 
 Container certificate-login-spike-keycloak-1 Healthy 
 Container certificate-login-spike-gateway-1 Waiting 
 Container certificate-login-spike-keycloak-1 Waiting 
 Container certificate-login-spike-landing-1 Waiting 
 Container certificate-login-spike-gateway-1 Healthy 
 Container certificate-login-spike-landing-1 Healthy 
 Container certificate-login-spike-keycloak-1 Healthy 
real 29.79
user 0.19
sys 0.13
