 Image certificate-login-runner:01 Building 
#1 [internal] load local bake definitions
#1 reading from stdin 703B done
#1 DONE 0.0s

#2 [internal] load build definition from Runner.Dockerfile
#2 transferring dockerfile: 747B done
#2 DONE 0.0s

#3 [internal] load metadata for docker.io/library/node:24.10.0-bookworm-slim@sha256:b8d2197aff9129d16c801a3e3e1b2a873c4946480f5a310f38056df2268c38d9
#3 ...

#4 [auth] library/node:pull token for registry-1.docker.io
#4 DONE 0.0s

#3 [internal] load metadata for docker.io/library/node:24.10.0-bookworm-slim@sha256:b8d2197aff9129d16c801a3e3e1b2a873c4946480f5a310f38056df2268c38d9
#3 DONE 0.5s

#5 [internal] load .dockerignore
#5 transferring context: 116B done
#5 DONE 0.0s

#6 [dependencies 1/5] FROM docker.io/library/node:24.10.0-bookworm-slim@sha256:b8d2197aff9129d16c801a3e3e1b2a873c4946480f5a310f38056df2268c38d9
#6 DONE 0.0s

#7 [internal] load build context
#7 transferring context: 10.79kB done
#7 DONE 0.0s

#8 [dependencies 3/5] COPY package.json package-lock.json ./
#8 CACHED

#9 [dependencies 4/5] COPY vendor/ vendor/
#9 CACHED

#10 [dependencies 2/5] WORKDIR /work
#10 CACHED

#11 [stage-1 3/7] COPY container/ container/
#11 CACHED

#12 [dependencies 5/5] RUN npm ci --ignore-scripts --fetch-timeout=30000 --fetch-retries=1
#12 CACHED

#13 [stage-1 4/7] RUN sh container/install-packages.sh
#13 CACHED

#14 [stage-1 5/7] COPY --from=dependencies /work/node_modules /work/node_modules
#14 CACHED

#15 [stage-1 6/7] COPY . .
#15 DONE 0.0s

#16 [stage-1 7/7] RUN chown 1000:1000 /work
#16 DONE 0.1s

#17 exporting to image
#17 exporting layers 0.0s done
#17 writing image sha256:662753fd4f28e2abc5f1d2c4a0112b8b6873ec564f048f00d170a0862fc94ba5 done
#17 naming to docker.io/library/certificate-login-runner:01 done
#17 DONE 0.0s

#18 resolving provenance for metadata file
#18 DONE 0.0s
 Image certificate-login-runner:01 Built 
